<?xml version="1.0" encoding="utf-8"?><testsuites><testsuite name="pytest" errors="0" failures="1" skipped="0" tests="14" time="0.731" timestamp="2025-10-15T13:00:47.703306" hostname="Ordinateur-portable-de-Noctua.local"><testcase classname="tests.unit.test_flask_app.TestFlaskApp" name="test_app_creation" time="0.005" /><testcase classname="tests.unit.test_flask_app.TestFlaskApp" name="test_home_page_get" time="0.013" /><testcase classname="tests.unit.test_flask_app.TestFlaskApp" name="test_health_endpoint" time="0.002" /><testcase classname="tests.unit.test_flask_app.TestFlaskApp" name="test_home_page_post_mock" time="0.005" /><testcase classname="tests.unit.test_flask_app.TestFlaskApp" name="test_invalid_route" time="0.002" /><testcase classname="tests.unit.test_spell_recognition.TestSpellRecognizer" name="test_init" time="0.001" /><testcase classname="tests.unit.test_spell_recognition.TestSpellRecognizer" name="test_get_spells" time="0.001" /><testcase classname="tests.unit.test_spell_recognition.TestSpellRecognizer" name="test_get_spell_variants" time="0.001" /><testcase classname="tests.unit.test_spell_recognition.TestSpellRecognizer" name="test_recognize_spell_from_text_valid" time="0.001" /><testcase classname="tests.unit.test_spell_recognition.TestSpellRecognizer" name="test_recognize_spell_from_text_invalid" time="0.001" /><testcase classname="tests.unit.test_spell_recognition.TestSpellRecognizer" name="test_recognize_spell_from_text_all_spells" time="0.001"><failure message="AssertionError: Sort 'stupefix' non reconnu&#10;assert None is not None">tests/unit/test_spell_recognition.py:85: in test_recognize_spell_from_text_all_spells
    assert effect is not None, f"Sort '{spell_text}' non reconnu"
E   AssertionError: Sort 'stupefix' non reconnu
E   assert None is not None</failure></testcase><testcase classname="tests.unit.test_spell_recognition.TestSpellRecognizer" name="test_is_valid_spell" time="0.001" /><testcase classname="tests.unit.test_spell_recognition.TestSpellRecognizer" name="test_spell_variants_completeness" time="0.001" /><testcase classname="tests.unit.test_spell_recognition.TestSpellRecognizer" name="test_spell_text_with_context" time="0.001" /></testsuite></testsuites>